2026-09-16 06:35:44,665 - INFO - Configuration: {'dataset_path': '../data/Beauty', 'code_path': '../data/Beauty/Beauty_t5_rqvae.npy', 'item_emb_path': '../data/Beauty/item_emb_rqvae_quantized_latent.parquet', 'source_offset': 1, 'max_source_offset': 2, 'codebook_size': 256, 'vocab_size': 1025, 'hidden_dim': 128, 'mlp_dim': 512, 'dropout': 0.1, 'batch_size': 256, 'infer_size': 256, 'num_epochs': 120, 'lr': 0.0001, 'early_stop': 10, 'beam_size': 30, 'topk_list': [5, 10, 20], 'seed': 2025, 'device': 'cuda', 'mode': 'train', 'save_path': './ckpt_0916_abl_offset_grid/Beauty_quantized_src1_max2_seed2025.pth', 'log_path': './0916_abl_offset_grid/Beauty_quantized_src1_max2_seed2025.log'}
2026-09-16 06:35:45,220 - INFO - Dataset sizes: train=86684, valid=22363, test=22363
2026-09-16 06:35:45,761 - INFO - #Total trainable parameters: 2581252
2026-09-16 06:35:52,768 - INFO - Epoch 1/120, Train Loss: 3.8512, Valid Loss: 3.4967
2026-09-16 06:35:52,790 - INFO - Saved best model to ./ckpt_0916_abl_offset_grid/Beauty_quantized_src1_max2_seed2025.pth
2026-09-16 06:35:56,898 - INFO - Epoch 2/120, Train Loss: 3.2192, Valid Loss: 3.3186
2026-09-16 06:35:56,919 - INFO - Saved best model to ./ckpt_0916_abl_offset_grid/Beauty_quantized_src1_max2_seed2025.pth
2026-09-16 06:36:01,001 - INFO - Epoch 3/120, Train Loss: 3.0232, Valid Loss: 3.2020
2026-09-16 06:36:01,028 - INFO - Saved best model to ./ckpt_0916_abl_offset_grid/Beauty_quantized_src1_max2_seed2025.pth
2026-09-16 06:36:05,286 - INFO - Epoch 4/120, Train Loss: 2.9131, Valid Loss: 3.1336
2026-09-16 06:36:05,311 - INFO - Saved best model to ./ckpt_0916_abl_offset_grid/Beauty_quantized_src1_max2_seed2025.pth
2026-09-16 06:36:09,846 - INFO - Epoch 5/120, Train Loss: 2.8442, Valid Loss: 3.0837
2026-09-16 06:36:09,870 - INFO - Saved best model to ./ckpt_0916_abl_offset_grid/Beauty_quantized_src1_max2_seed2025.pth
2026-09-16 06:36:14,448 - INFO - Epoch 6/120, Train Loss: 2.7922, Valid Loss: 3.0422
2026-09-16 06:36:14,472 - INFO - Saved best model to ./ckpt_0916_abl_offset_grid/Beauty_quantized_src1_max2_seed2025.pth
2026-09-16 06:36:18,932 - INFO - Epoch 7/120, Train Loss: 2.7507, Valid Loss: 3.0057
2026-09-16 06:36:18,955 - INFO - Saved best model to ./ckpt_0916_abl_offset_grid/Beauty_quantized_src1_max2_seed2025.pth
2026-09-16 06:36:23,265 - INFO - Epoch 8/120, Train Loss: 2.7146, Valid Loss: 2.9754
2026-09-16 06:36:23,288 - INFO - Saved best model to ./ckpt_0916_abl_offset_grid/Beauty_quantized_src1_max2_seed2025.pth
2026-09-16 06:36:27,559 - INFO - Epoch 9/120, Train Loss: 2.6832, Valid Loss: 2.9486
2026-09-16 06:36:27,582 - INFO - Saved best model to ./ckpt_0916_abl_offset_grid/Beauty_quantized_src1_max2_seed2025.pth
2026-09-16 06:36:32,098 - INFO - Epoch 10/120, Train Loss: 2.6546, Valid Loss: 2.9223
2026-09-16 06:36:32,120 - INFO - Saved best model to ./ckpt_0916_abl_offset_grid/Beauty_quantized_src1_max2_seed2025.pth
2026-09-16 06:36:36,436 - INFO - Epoch 11/120, Train Loss: 2.6289, Valid Loss: 2.8967
2026-09-16 06:36:36,460 - INFO - Saved best model to ./ckpt_0916_abl_offset_grid/Beauty_quantized_src1_max2_seed2025.pth
2026-09-16 06:36:40,789 - INFO - Epoch 12/120, Train Loss: 2.6042, Valid Loss: 2.8755
2026-09-16 06:36:40,814 - INFO - Saved best model to ./ckpt_0916_abl_offset_grid/Beauty_quantized_src1_max2_seed2025.pth
2026-09-16 06:36:45,131 - INFO - Epoch 13/120, Train Loss: 2.5836, Valid Loss: 2.8568
2026-09-16 06:36:45,154 - INFO - Saved best model to ./ckpt_0916_abl_offset_grid/Beauty_quantized_src1_max2_seed2025.pth
2026-09-16 06:36:49,709 - INFO - Epoch 14/120, Train Loss: 2.5635, Valid Loss: 2.8382
2026-09-16 06:36:49,731 - INFO - Saved best model to ./ckpt_0916_abl_offset_grid/Beauty_quantized_src1_max2_seed2025.pth
2026-09-16 06:36:54,030 - INFO - Epoch 15/120, Train Loss: 2.5460, Valid Loss: 2.8185
2026-09-16 06:36:54,052 - INFO - Saved best model to ./ckpt_0916_abl_offset_grid/Beauty_quantized_src1_max2_seed2025.pth
2026-09-16 06:36:58,387 - INFO - Epoch 16/120, Train Loss: 2.5288, Valid Loss: 2.8032
2026-09-16 06:36:58,411 - INFO - Saved best model to ./ckpt_0916_abl_offset_grid/Beauty_quantized_src1_max2_seed2025.pth
2026-09-16 06:37:02,700 - INFO - Epoch 17/120, Train Loss: 2.5134, Valid Loss: 2.7904
2026-09-16 06:37:02,724 - INFO - Saved best model to ./ckpt_0916_abl_offset_grid/Beauty_quantized_src1_max2_seed2025.pth
2026-09-16 06:37:07,163 - INFO - Epoch 18/120, Train Loss: 2.4989, Valid Loss: 2.7753
2026-09-16 06:37:07,188 - INFO - Saved best model to ./ckpt_0916_abl_offset_grid/Beauty_quantized_src1_max2_seed2025.pth
2026-09-16 06:37:11,479 - INFO - Epoch 19/120, Train Loss: 2.4855, Valid Loss: 2.7621
2026-09-16 06:37:11,500 - INFO - Saved best model to ./ckpt_0916_abl_offset_grid/Beauty_quantized_src1_max2_seed2025.pth
2026-09-16 06:37:15,794 - INFO - Epoch 20/120, Train Loss: 2.4728, Valid Loss: 2.7482
2026-09-16 06:37:15,816 - INFO - Saved best model to ./ckpt_0916_abl_offset_grid/Beauty_quantized_src1_max2_seed2025.pth
2026-09-16 06:37:20,153 - INFO - Epoch 21/120, Train Loss: 2.4600, Valid Loss: 2.7346
2026-09-16 06:37:20,177 - INFO - Saved best model to ./ckpt_0916_abl_offset_grid/Beauty_quantized_src1_max2_seed2025.pth
2026-09-16 06:37:24,628 - INFO - Epoch 22/120, Train Loss: 2.4484, Valid Loss: 2.7219
2026-09-16 06:37:24,655 - INFO - Saved best model to ./ckpt_0916_abl_offset_grid/Beauty_quantized_src1_max2_seed2025.pth
2026-09-16 06:37:28,933 - INFO - Epoch 23/120, Train Loss: 2.4379, Valid Loss: 2.7127
2026-09-16 06:37:28,957 - INFO - Saved best model to ./ckpt_0916_abl_offset_grid/Beauty_quantized_src1_max2_seed2025.pth
2026-09-16 06:37:33,241 - INFO - Epoch 24/120, Train Loss: 2.4273, Valid Loss: 2.7000
2026-09-16 06:37:33,264 - INFO - Saved best model to ./ckpt_0916_abl_offset_grid/Beauty_quantized_src1_max2_seed2025.pth
2026-09-16 06:37:37,535 - INFO - Epoch 25/120, Train Loss: 2.4165, Valid Loss: 2.6904
2026-09-16 06:37:37,558 - INFO - Saved best model to ./ckpt_0916_abl_offset_grid/Beauty_quantized_src1_max2_seed2025.pth
2026-09-16 06:37:42,013 - INFO - Epoch 26/120, Train Loss: 2.4067, Valid Loss: 2.6795
2026-09-16 06:37:42,036 - INFO - Saved best model to ./ckpt_0916_abl_offset_grid/Beauty_quantized_src1_max2_seed2025.pth
2026-09-16 06:37:46,281 - INFO - Epoch 27/120, Train Loss: 2.3979, Valid Loss: 2.6713
2026-09-16 06:37:46,304 - INFO - Saved best model to ./ckpt_0916_abl_offset_grid/Beauty_quantized_src1_max2_seed2025.pth
2026-09-16 06:37:50,637 - INFO - Epoch 28/120, Train Loss: 2.3879, Valid Loss: 2.6628
2026-09-16 06:37:50,662 - INFO - Saved best model to ./ckpt_0916_abl_offset_grid/Beauty_quantized_src1_max2_seed2025.pth
2026-09-16 06:37:55,029 - INFO - Epoch 29/120, Train Loss: 2.3807, Valid Loss: 2.6524
2026-09-16 06:37:55,053 - INFO - Saved best model to ./ckpt_0916_abl_offset_grid/Beauty_quantized_src1_max2_seed2025.pth
2026-09-16 06:37:59,584 - INFO - Epoch 30/120, Train Loss: 2.3721, Valid Loss: 2.6439
2026-09-16 06:37:59,607 - INFO - Saved best model to ./ckpt_0916_abl_offset_grid/Beauty_quantized_src1_max2_seed2025.pth
2026-09-16 06:38:03,875 - INFO - Epoch 31/120, Train Loss: 2.3639, Valid Loss: 2.6364
2026-09-16 06:38:03,899 - INFO - Saved best model to ./ckpt_0916_abl_offset_grid/Beauty_quantized_src1_max2_seed2025.pth
2026-09-16 06:38:08,162 - INFO - Epoch 32/120, Train Loss: 2.3555, Valid Loss: 2.6265
2026-09-16 06:38:08,186 - INFO - Saved best model to ./ckpt_0916_abl_offset_grid/Beauty_quantized_src1_max2_seed2025.pth
2026-09-16 06:38:12,459 - INFO - Epoch 33/120, Train Loss: 2.3485, Valid Loss: 2.6195
2026-09-16 06:38:12,481 - INFO - Saved best model to ./ckpt_0916_abl_offset_grid/Beauty_quantized_src1_max2_seed2025.pth
2026-09-16 06:38:16,902 - INFO - Epoch 34/120, Train Loss: 2.3419, Valid Loss: 2.6130
2026-09-16 06:38:16,924 - INFO - Saved best model to ./ckpt_0916_abl_offset_grid/Beauty_quantized_src1_max2_seed2025.pth
2026-09-16 06:38:21,286 - INFO - Epoch 35/120, Train Loss: 2.3337, Valid Loss: 2.6052
2026-09-16 06:38:21,308 - INFO - Saved best model to ./ckpt_0916_abl_offset_grid/Beauty_quantized_src1_max2_seed2025.pth
2026-09-16 06:38:25,582 - INFO - Epoch 36/120, Train Loss: 2.3279, Valid Loss: 2.5975
2026-09-16 06:38:25,605 - INFO - Saved best model to ./ckpt_0916_abl_offset_grid/Beauty_quantized_src1_max2_seed2025.pth
2026-09-16 06:38:29,907 - INFO - Epoch 37/120, Train Loss: 2.3216, Valid Loss: 2.5900
2026-09-16 06:38:29,929 - INFO - Saved best model to ./ckpt_0916_abl_offset_grid/Beauty_quantized_src1_max2_seed2025.pth
2026-09-16 06:38:34,327 - INFO - Epoch 38/120, Train Loss: 2.3157, Valid Loss: 2.5849
2026-09-16 06:38:34,350 - INFO - Saved best model to ./ckpt_0916_abl_offset_grid/Beauty_quantized_src1_max2_seed2025.pth
2026-09-16 06:38:38,649 - INFO - Epoch 39/120, Train Loss: 2.3090, Valid Loss: 2.5762
2026-09-16 06:38:38,672 - INFO - Saved best model to ./ckpt_0916_abl_offset_grid/Beauty_quantized_src1_max2_seed2025.pth
2026-09-16 06:38:42,955 - INFO - Epoch 40/120, Train Loss: 2.3035, Valid Loss: 2.5715
2026-09-16 06:38:42,978 - INFO - Saved best model to ./ckpt_0916_abl_offset_grid/Beauty_quantized_src1_max2_seed2025.pth
2026-09-16 06:38:47,249 - INFO - Epoch 41/120, Train Loss: 2.2976, Valid Loss: 2.5666
2026-09-16 06:38:47,273 - INFO - Saved best model to ./ckpt_0916_abl_offset_grid/Beauty_quantized_src1_max2_seed2025.pth
2026-09-16 06:38:51,917 - INFO - Epoch 42/120, Train Loss: 2.2933, Valid Loss: 2.5591
2026-09-16 06:38:51,939 - INFO - Saved best model to ./ckpt_0916_abl_offset_grid/Beauty_quantized_src1_max2_seed2025.pth
2026-09-16 06:38:56,219 - INFO - Epoch 43/120, Train Loss: 2.2880, Valid Loss: 2.5544
2026-09-16 06:38:56,243 - INFO - Saved best model to ./ckpt_0916_abl_offset_grid/Beauty_quantized_src1_max2_seed2025.pth
2026-09-16 06:39:00,607 - INFO - Epoch 44/120, Train Loss: 2.2826, Valid Loss: 2.5486
2026-09-16 06:39:00,628 - INFO - Saved best model to ./ckpt_0916_abl_offset_grid/Beauty_quantized_src1_max2_seed2025.pth
2026-09-16 06:39:04,996 - INFO - Epoch 45/120, Train Loss: 2.2775, Valid Loss: 2.5431
2026-09-16 06:39:05,019 - INFO - Saved best model to ./ckpt_0916_abl_offset_grid/Beauty_quantized_src1_max2_seed2025.pth
2026-09-16 06:39:09,484 - INFO - Epoch 46/120, Train Loss: 2.2725, Valid Loss: 2.5385
2026-09-16 06:39:09,506 - INFO - Saved best model to ./ckpt_0916_abl_offset_grid/Beauty_quantized_src1_max2_seed2025.pth
2026-09-16 06:39:13,873 - INFO - Epoch 47/120, Train Loss: 2.2678, Valid Loss: 2.5344
2026-09-16 06:39:13,896 - INFO - Saved best model to ./ckpt_0916_abl_offset_grid/Beauty_quantized_src1_max2_seed2025.pth
2026-09-16 06:39:18,260 - INFO - Epoch 48/120, Train Loss: 2.2632, Valid Loss: 2.5286
2026-09-16 06:39:18,285 - INFO - Saved best model to ./ckpt_0916_abl_offset_grid/Beauty_quantized_src1_max2_seed2025.pth
2026-09-16 06:39:22,676 - INFO - Epoch 49/120, Train Loss: 2.2590, Valid Loss: 2.5242
2026-09-16 06:39:22,700 - INFO - Saved best model to ./ckpt_0916_abl_offset_grid/Beauty_quantized_src1_max2_seed2025.pth
2026-09-16 06:39:27,133 - INFO - Epoch 50/120, Train Loss: 2.2550, Valid Loss: 2.5187
2026-09-16 06:39:27,157 - INFO - Saved best model to ./ckpt_0916_abl_offset_grid/Beauty_quantized_src1_max2_seed2025.pth
2026-09-16 06:39:31,427 - INFO - Epoch 51/120, Train Loss: 2.2512, Valid Loss: 2.5145
2026-09-16 06:39:31,450 - INFO - Saved best model to ./ckpt_0916_abl_offset_grid/Beauty_quantized_src1_max2_seed2025.pth
2026-09-16 06:39:35,737 - INFO - Epoch 52/120, Train Loss: 2.2469, Valid Loss: 2.5107
2026-09-16 06:39:35,760 - INFO - Saved best model to ./ckpt_0916_abl_offset_grid/Beauty_quantized_src1_max2_seed2025.pth
2026-09-16 06:39:40,049 - INFO - Epoch 53/120, Train Loss: 2.2424, Valid Loss: 2.5055
2026-09-16 06:39:40,072 - INFO - Saved best model to ./ckpt_0916_abl_offset_grid/Beauty_quantized_src1_max2_seed2025.pth
2026-09-16 06:39:44,520 - INFO - Epoch 54/120, Train Loss: 2.2387, Valid Loss: 2.5022
2026-09-16 06:39:44,542 - INFO - Saved best model to ./ckpt_0916_abl_offset_grid/Beauty_quantized_src1_max2_seed2025.pth
2026-09-16 06:39:48,857 - INFO - Epoch 55/120, Train Loss: 2.2351, Valid Loss: 2.4967
2026-09-16 06:39:48,880 - INFO - Saved best model to ./ckpt_0916_abl_offset_grid/Beauty_quantized_src1_max2_seed2025.pth
2026-09-16 06:39:53,185 - INFO - Epoch 56/120, Train Loss: 2.2334, Valid Loss: 2.4951
2026-09-16 06:39:53,208 - INFO - Saved best model to ./ckpt_0916_abl_offset_grid/Beauty_quantized_src1_max2_seed2025.pth
2026-09-16 06:39:57,523 - INFO - Epoch 57/120, Train Loss: 2.2283, Valid Loss: 2.4896
2026-09-16 06:39:57,548 - INFO - Saved best model to ./ckpt_0916_abl_offset_grid/Beauty_quantized_src1_max2_seed2025.pth
2026-09-16 06:40:01,974 - INFO - Epoch 58/120, Train Loss: 2.2251, Valid Loss: 2.4858
2026-09-16 06:40:01,997 - INFO - Saved best model to ./ckpt_0916_abl_offset_grid/Beauty_quantized_src1_max2_seed2025.pth
2026-09-16 06:40:06,277 - INFO - Epoch 59/120, Train Loss: 2.2226, Valid Loss: 2.4814
2026-09-16 06:40:06,298 - INFO - Saved best model to ./ckpt_0916_abl_offset_grid/Beauty_quantized_src1_max2_seed2025.pth
2026-09-16 06:40:10,652 - INFO - Epoch 60/120, Train Loss: 2.2185, Valid Loss: 2.4797
2026-09-16 06:40:10,675 - INFO - Saved best model to ./ckpt_0916_abl_offset_grid/Beauty_quantized_src1_max2_seed2025.pth
2026-09-16 06:40:14,938 - INFO - Epoch 61/120, Train Loss: 2.2149, Valid Loss: 2.4764
2026-09-16 06:40:14,960 - INFO - Saved best model to ./ckpt_0916_abl_offset_grid/Beauty_quantized_src1_max2_seed2025.pth
2026-09-16 06:40:19,456 - INFO - Epoch 62/120, Train Loss: 2.2130, Valid Loss: 2.4718
2026-09-16 06:40:19,479 - INFO - Saved best model to ./ckpt_0916_abl_offset_grid/Beauty_quantized_src1_max2_seed2025.pth
2026-09-16 06:40:23,745 - INFO - Epoch 63/120, Train Loss: 2.2093, Valid Loss: 2.4678
2026-09-16 06:40:23,769 - INFO - Saved best model to ./ckpt_0916_abl_offset_grid/Beauty_quantized_src1_max2_seed2025.pth
2026-09-16 06:40:28,154 - INFO - Epoch 64/120, Train Loss: 2.2066, Valid Loss: 2.4653
2026-09-16 06:40:28,177 - INFO - Saved best model to ./ckpt_0916_abl_offset_grid/Beauty_quantized_src1_max2_seed2025.pth
2026-09-16 06:40:32,476 - INFO - Epoch 65/120, Train Loss: 2.2039, Valid Loss: 2.4616
2026-09-16 06:40:32,498 - INFO - Saved best model to ./ckpt_0916_abl_offset_grid/Beauty_quantized_src1_max2_seed2025.pth
2026-09-16 06:40:36,968 - INFO - Epoch 66/120, Train Loss: 2.2010, Valid Loss: 2.4589
2026-09-16 06:40:36,991 - INFO - Saved best model to ./ckpt_0916_abl_offset_grid/Beauty_quantized_src1_max2_seed2025.pth
2026-09-16 06:40:41,307 - INFO - Epoch 67/120, Train Loss: 2.1977, Valid Loss: 2.4563
2026-09-16 06:40:41,331 - INFO - Saved best model to ./ckpt_0916_abl_offset_grid/Beauty_quantized_src1_max2_seed2025.pth
2026-09-16 06:40:45,568 - INFO - Epoch 68/120, Train Loss: 2.1960, Valid Loss: 2.4542
2026-09-16 06:40:45,590 - INFO - Saved best model to ./ckpt_0916_abl_offset_grid/Beauty_quantized_src1_max2_seed2025.pth
2026-09-16 06:40:49,857 - INFO - Epoch 69/120, Train Loss: 2.1927, Valid Loss: 2.4509
2026-09-16 06:40:49,879 - INFO - Saved best model to ./ckpt_0916_abl_offset_grid/Beauty_quantized_src1_max2_seed2025.pth
2026-09-16 06:40:54,268 - INFO - Epoch 70/120, Train Loss: 2.1908, Valid Loss: 2.4462
2026-09-16 06:40:54,289 - INFO - Saved best model to ./ckpt_0916_abl_offset_grid/Beauty_quantized_src1_max2_seed2025.pth
2026-09-16 06:40:58,545 - INFO - Epoch 71/120, Train Loss: 2.1875, Valid Loss: 2.4458
2026-09-16 06:40:58,567 - INFO - Saved best model to ./ckpt_0916_abl_offset_grid/Beauty_quantized_src1_max2_seed2025.pth
2026-09-16 06:41:02,812 - INFO - Epoch 72/120, Train Loss: 2.1858, Valid Loss: 2.4424
2026-09-16 06:41:02,835 - INFO - Saved best model to ./ckpt_0916_abl_offset_grid/Beauty_quantized_src1_max2_seed2025.pth
2026-09-16 06:41:07,117 - INFO - Epoch 73/120, Train Loss: 2.1828, Valid Loss: 2.4403
2026-09-16 06:41:07,140 - INFO - Saved best model to ./ckpt_0916_abl_offset_grid/Beauty_quantized_src1_max2_seed2025.pth
2026-09-16 06:41:11,478 - INFO - Epoch 74/120, Train Loss: 2.1800, Valid Loss: 2.4365
2026-09-16 06:41:11,499 - INFO - Saved best model to ./ckpt_0916_abl_offset_grid/Beauty_quantized_src1_max2_seed2025.pth
2026-09-16 06:41:15,914 - INFO - Epoch 75/120, Train Loss: 2.1778, Valid Loss: 2.4351
2026-09-16 06:41:15,936 - INFO - Saved best model to ./ckpt_0916_abl_offset_grid/Beauty_quantized_src1_max2_seed2025.pth
2026-09-16 06:41:20,265 - INFO - Epoch 76/120, Train Loss: 2.1763, Valid Loss: 2.4325
2026-09-16 06:41:20,291 - INFO - Saved best model to ./ckpt_0916_abl_offset_grid/Beauty_quantized_src1_max2_seed2025.pth
2026-09-16 06:41:24,633 - INFO - Epoch 77/120, Train Loss: 2.1743, Valid Loss: 2.4299
2026-09-16 06:41:24,655 - INFO - Saved best model to ./ckpt_0916_abl_offset_grid/Beauty_quantized_src1_max2_seed2025.pth
2026-09-16 06:41:29,119 - INFO - Epoch 78/120, Train Loss: 2.1713, Valid Loss: 2.4293
2026-09-16 06:41:29,141 - INFO - Saved best model to ./ckpt_0916_abl_offset_grid/Beauty_quantized_src1_max2_seed2025.pth
2026-09-16 06:41:33,606 - INFO - Epoch 79/120, Train Loss: 2.1698, Valid Loss: 2.4265
2026-09-16 06:41:33,627 - INFO - Saved best model to ./ckpt_0916_abl_offset_grid/Beauty_quantized_src1_max2_seed2025.pth
2026-09-16 06:41:37,938 - INFO - Epoch 80/120, Train Loss: 2.1677, Valid Loss: 2.4238
2026-09-16 06:41:37,961 - INFO - Saved best model to ./ckpt_0916_abl_offset_grid/Beauty_quantized_src1_max2_seed2025.pth
2026-09-16 06:41:42,239 - INFO - Epoch 81/120, Train Loss: 2.1661, Valid Loss: 2.4193
2026-09-16 06:41:42,261 - INFO - Saved best model to ./ckpt_0916_abl_offset_grid/Beauty_quantized_src1_max2_seed2025.pth
2026-09-16 06:41:46,484 - INFO - Epoch 82/120, Train Loss: 2.1631, Valid Loss: 2.4194
2026-09-16 06:41:50,830 - INFO - Epoch 83/120, Train Loss: 2.1617, Valid Loss: 2.4168
2026-09-16 06:41:50,852 - INFO - Saved best model to ./ckpt_0916_abl_offset_grid/Beauty_quantized_src1_max2_seed2025.pth
2026-09-16 06:41:55,240 - INFO - Epoch 84/120, Train Loss: 2.1593, Valid Loss: 2.4160
2026-09-16 06:41:55,265 - INFO - Saved best model to ./ckpt_0916_abl_offset_grid/Beauty_quantized_src1_max2_seed2025.pth
2026-09-16 06:41:59,520 - INFO - Epoch 85/120, Train Loss: 2.1579, Valid Loss: 2.4140
2026-09-16 06:41:59,545 - INFO - Saved best model to ./ckpt_0916_abl_offset_grid/Beauty_quantized_src1_max2_seed2025.pth
2026-09-16 06:42:03,847 - INFO - Epoch 86/120, Train Loss: 2.1552, Valid Loss: 2.4125
2026-09-16 06:42:03,871 - INFO - Saved best model to ./ckpt_0916_abl_offset_grid/Beauty_quantized_src1_max2_seed2025.pth
2026-09-16 06:42:08,453 - INFO - Epoch 87/120, Train Loss: 2.1538, Valid Loss: 2.4093
2026-09-16 06:42:08,481 - INFO - Saved best model to ./ckpt_0916_abl_offset_grid/Beauty_quantized_src1_max2_seed2025.pth
2026-09-16 06:42:12,812 - INFO - Epoch 88/120, Train Loss: 2.1535, Valid Loss: 2.4063
2026-09-16 06:42:12,834 - INFO - Saved best model to ./ckpt_0916_abl_offset_grid/Beauty_quantized_src1_max2_seed2025.pth
2026-09-16 06:42:17,114 - INFO - Epoch 89/120, Train Loss: 2.1504, Valid Loss: 2.4068
2026-09-16 06:42:21,409 - INFO - Epoch 90/120, Train Loss: 2.1487, Valid Loss: 2.4033
2026-09-16 06:42:21,430 - INFO - Saved best model to ./ckpt_0916_abl_offset_grid/Beauty_quantized_src1_max2_seed2025.pth
2026-09-16 06:42:25,880 - INFO - Epoch 91/120, Train Loss: 2.1459, Valid Loss: 2.4034
2026-09-16 06:42:30,229 - INFO - Epoch 92/120, Train Loss: 2.1454, Valid Loss: 2.4013
2026-09-16 06:42:30,252 - INFO - Saved best model to ./ckpt_0916_abl_offset_grid/Beauty_quantized_src1_max2_seed2025.pth
2026-09-16 06:42:34,537 - INFO - Epoch 93/120, Train Loss: 2.1426, Valid Loss: 2.4002
2026-09-16 06:42:34,560 - INFO - Saved best model to ./ckpt_0916_abl_offset_grid/Beauty_quantized_src1_max2_seed2025.pth
2026-09-16 06:42:38,907 - INFO - Epoch 94/120, Train Loss: 2.1410, Valid Loss: 2.3966
2026-09-16 06:42:38,930 - INFO - Saved best model to ./ckpt_0916_abl_offset_grid/Beauty_quantized_src1_max2_seed2025.pth
2026-09-16 06:42:43,448 - INFO - Epoch 95/120, Train Loss: 2.1393, Valid Loss: 2.3973
2026-09-16 06:42:47,753 - INFO - Epoch 96/120, Train Loss: 2.1386, Valid Loss: 2.3939
2026-09-16 06:42:47,775 - INFO - Saved best model to ./ckpt_0916_abl_offset_grid/Beauty_quantized_src1_max2_seed2025.pth
2026-09-16 06:42:52,141 - INFO - Epoch 97/120, Train Loss: 2.1363, Valid Loss: 2.3926
2026-09-16 06:42:52,163 - INFO - Saved best model to ./ckpt_0916_abl_offset_grid/Beauty_quantized_src1_max2_seed2025.pth
2026-09-16 06:42:56,471 - INFO - Epoch 98/120, Train Loss: 2.1342, Valid Loss: 2.3911
2026-09-16 06:42:56,493 - INFO - Saved best model to ./ckpt_0916_abl_offset_grid/Beauty_quantized_src1_max2_seed2025.pth
2026-09-16 06:43:00,942 - INFO - Epoch 99/120, Train Loss: 2.1342, Valid Loss: 2.3902
2026-09-16 06:43:00,965 - INFO - Saved best model to ./ckpt_0916_abl_offset_grid/Beauty_quantized_src1_max2_seed2025.pth
2026-09-16 06:43:05,233 - INFO - Epoch 100/120, Train Loss: 2.1318, Valid Loss: 2.3899
2026-09-16 06:43:05,256 - INFO - Saved best model to ./ckpt_0916_abl_offset_grid/Beauty_quantized_src1_max2_seed2025.pth
2026-09-16 06:43:09,582 - INFO - Epoch 101/120, Train Loss: 2.1304, Valid Loss: 2.3882
2026-09-16 06:43:09,606 - INFO - Saved best model to ./ckpt_0916_abl_offset_grid/Beauty_quantized_src1_max2_seed2025.pth
2026-09-16 06:43:13,898 - INFO - Epoch 102/120, Train Loss: 2.1294, Valid Loss: 2.3860
2026-09-16 06:43:13,920 - INFO - Saved best model to ./ckpt_0916_abl_offset_grid/Beauty_quantized_src1_max2_seed2025.pth
2026-09-16 06:43:18,333 - INFO - Epoch 103/120, Train Loss: 2.1283, Valid Loss: 2.3835
2026-09-16 06:43:18,357 - INFO - Saved best model to ./ckpt_0916_abl_offset_grid/Beauty_quantized_src1_max2_seed2025.pth
2026-09-16 06:43:22,658 - INFO - Epoch 104/120, Train Loss: 2.1253, Valid Loss: 2.3847
2026-09-16 06:43:26,967 - INFO - Epoch 105/120, Train Loss: 2.1245, Valid Loss: 2.3818
2026-09-16 06:43:26,990 - INFO - Saved best model to ./ckpt_0916_abl_offset_grid/Beauty_quantized_src1_max2_seed2025.pth
2026-09-16 06:43:31,251 - INFO - Epoch 106/120, Train Loss: 2.1231, Valid Loss: 2.3819
2026-09-16 06:43:35,620 - INFO - Epoch 107/120, Train Loss: 2.1221, Valid Loss: 2.3804
2026-09-16 06:43:35,642 - INFO - Saved best model to ./ckpt_0916_abl_offset_grid/Beauty_quantized_src1_max2_seed2025.pth
2026-09-16 06:43:39,922 - INFO - Epoch 108/120, Train Loss: 2.1202, Valid Loss: 2.3789
2026-09-16 06:43:39,945 - INFO - Saved best model to ./ckpt_0916_abl_offset_grid/Beauty_quantized_src1_max2_seed2025.pth
2026-09-16 06:43:44,175 - INFO - Epoch 109/120, Train Loss: 2.1198, Valid Loss: 2.3781
2026-09-16 06:43:44,197 - INFO - Saved best model to ./ckpt_0916_abl_offset_grid/Beauty_quantized_src1_max2_seed2025.pth
2026-09-16 06:43:48,427 - INFO - Epoch 110/120, Train Loss: 2.1180, Valid Loss: 2.3770
2026-09-16 06:43:48,448 - INFO - Saved best model to ./ckpt_0916_abl_offset_grid/Beauty_quantized_src1_max2_seed2025.pth
2026-09-16 06:43:52,843 - INFO - Epoch 111/120, Train Loss: 2.1173, Valid Loss: 2.3768
2026-09-16 06:43:52,866 - INFO - Saved best model to ./ckpt_0916_abl_offset_grid/Beauty_quantized_src1_max2_seed2025.pth
2026-09-16 06:43:57,098 - INFO - Epoch 112/120, Train Loss: 2.1148, Valid Loss: 2.3748
2026-09-16 06:43:57,120 - INFO - Saved best model to ./ckpt_0916_abl_offset_grid/Beauty_quantized_src1_max2_seed2025.pth
2026-09-16 06:44:01,358 - INFO - Epoch 113/120, Train Loss: 2.1133, Valid Loss: 2.3732
2026-09-16 06:44:01,380 - INFO - Saved best model to ./ckpt_0916_abl_offset_grid/Beauty_quantized_src1_max2_seed2025.pth
2026-09-16 06:44:05,632 - INFO - Epoch 114/120, Train Loss: 2.1134, Valid Loss: 2.3725
2026-09-16 06:44:05,655 - INFO - Saved best model to ./ckpt_0916_abl_offset_grid/Beauty_quantized_src1_max2_seed2025.pth
2026-09-16 06:44:10,091 - INFO - Epoch 115/120, Train Loss: 2.1112, Valid Loss: 2.3720
2026-09-16 06:44:10,114 - INFO - Saved best model to ./ckpt_0916_abl_offset_grid/Beauty_quantized_src1_max2_seed2025.pth
2026-09-16 06:44:14,366 - INFO - Epoch 116/120, Train Loss: 2.1105, Valid Loss: 2.3706
2026-09-16 06:44:14,390 - INFO - Saved best model to ./ckpt_0916_abl_offset_grid/Beauty_quantized_src1_max2_seed2025.pth
2026-09-16 06:44:18,704 - INFO - Epoch 117/120, Train Loss: 2.1085, Valid Loss: 2.3703
2026-09-16 06:44:18,727 - INFO - Saved best model to ./ckpt_0916_abl_offset_grid/Beauty_quantized_src1_max2_seed2025.pth
2026-09-16 06:44:23,013 - INFO - Epoch 118/120, Train Loss: 2.1088, Valid Loss: 2.3690
2026-09-16 06:44:23,041 - INFO - Saved best model to ./ckpt_0916_abl_offset_grid/Beauty_quantized_src1_max2_seed2025.pth
2026-09-16 06:44:27,566 - INFO - Epoch 119/120, Train Loss: 2.1057, Valid Loss: 2.3671
2026-09-16 06:44:27,592 - INFO - Saved best model to ./ckpt_0916_abl_offset_grid/Beauty_quantized_src1_max2_seed2025.pth
2026-09-16 06:44:31,918 - INFO - Epoch 120/120, Train Loss: 2.1049, Valid Loss: 2.3679
2026-09-16 07:41:05,704 - INFO - Final Test CE Loss: 2.4502, Recalls: {'Recall@5': 0.017164963974871418, 'Recall@10': 0.027607646262781185, 'Recall@20': 0.04460334591567516}, NDCGs: {'NDCG@5': 0.010405372616580942, 'NDCG@10': 0.013784918148303404, 'NDCG@20': 0.01806633374971253}, SID_HR: {'SID1_HR@5': 0.21280686848812772, 'SID2_HR@5': 0.05406251397397487, 'SID3_HR@5': 0.0459240710101507, 'SID4_HR@5': 0.9944998434914815, 'SID1_CondHR@5': 0.21280686848812772, 'SID2_CondHR@5': 0.15801638999789872, 'SID3_CondHR@5': 0.4973404255319149, 'SID4_CondHR@5': 1.0, 'SID1_HR@10': 0.277109511246255, 'SID2_HR@10': 0.0863032687922014, 'SID3_HR@10': 0.08165272995573045, 'SID4_HR@10': 0.994544560211063, 'SID1_CondHR@10': 0.277109511246255, 'SID2_CondHR@10': 0.1831531386154591, 'SID3_CondHR@10': 0.5303964757709251, 'SID4_CondHR@10': 1.0}
