2026-09-16 06:36:48,668 - INFO - Configuration: {'dataset_path': '../data/Beauty', 'code_path': '../data/Beauty/Beauty_t5_rqvae.npy', 'item_emb_path': '../data/Beauty/item_emb_rqvae_quantized_latent.parquet', 'source_offset': 2, 'max_source_offset': 2, 'codebook_size': 256, 'vocab_size': 1025, 'hidden_dim': 128, 'mlp_dim': 512, 'dropout': 0.1, 'batch_size': 256, 'infer_size': 256, 'num_epochs': 120, 'lr': 0.0001, 'early_stop': 10, 'beam_size': 30, 'topk_list': [5, 10, 20], 'seed': 1, 'device': 'cuda', 'mode': 'train', 'save_path': './ckpt_0916_abl_offset_grid/Beauty_quantized_src2_max2_seed1.pth', 'log_path': './0916_abl_offset_grid/Beauty_quantized_src2_max2_seed1.log'}
2026-09-16 06:36:49,238 - INFO - Dataset sizes: train=86684, valid=22363, test=22363
2026-09-16 06:36:49,557 - INFO - #Total trainable parameters: 2581252
2026-09-16 06:37:01,561 - INFO - Epoch 1/120, Train Loss: 3.8339, Valid Loss: 3.5002
2026-09-16 06:37:01,615 - INFO - Saved best model to ./ckpt_0916_abl_offset_grid/Beauty_quantized_src2_max2_seed1.pth
2026-09-16 06:37:05,216 - INFO - Epoch 2/120, Train Loss: 3.2228, Valid Loss: 3.3280
2026-09-16 06:37:05,254 - INFO - Saved best model to ./ckpt_0916_abl_offset_grid/Beauty_quantized_src2_max2_seed1.pth
2026-09-16 06:37:08,886 - INFO - Epoch 3/120, Train Loss: 3.0371, Valid Loss: 3.2091
2026-09-16 06:37:08,927 - INFO - Saved best model to ./ckpt_0916_abl_offset_grid/Beauty_quantized_src2_max2_seed1.pth
2026-09-16 06:37:12,515 - INFO - Epoch 4/120, Train Loss: 2.9211, Valid Loss: 3.1401
2026-09-16 06:37:12,554 - INFO - Saved best model to ./ckpt_0916_abl_offset_grid/Beauty_quantized_src2_max2_seed1.pth
2026-09-16 06:37:16,131 - INFO - Epoch 5/120, Train Loss: 2.8503, Valid Loss: 3.0889
2026-09-16 06:37:16,167 - INFO - Saved best model to ./ckpt_0916_abl_offset_grid/Beauty_quantized_src2_max2_seed1.pth
2026-09-16 06:37:19,945 - INFO - Epoch 6/120, Train Loss: 2.7983, Valid Loss: 3.0484
2026-09-16 06:37:19,983 - INFO - Saved best model to ./ckpt_0916_abl_offset_grid/Beauty_quantized_src2_max2_seed1.pth
2026-09-16 06:37:23,607 - INFO - Epoch 7/120, Train Loss: 2.7565, Valid Loss: 3.0134
2026-09-16 06:37:23,650 - INFO - Saved best model to ./ckpt_0916_abl_offset_grid/Beauty_quantized_src2_max2_seed1.pth
2026-09-16 06:37:27,309 - INFO - Epoch 8/120, Train Loss: 2.7212, Valid Loss: 2.9831
2026-09-16 06:37:27,348 - INFO - Saved best model to ./ckpt_0916_abl_offset_grid/Beauty_quantized_src2_max2_seed1.pth
2026-09-16 06:37:30,960 - INFO - Epoch 9/120, Train Loss: 2.6892, Valid Loss: 2.9555
2026-09-16 06:37:31,003 - INFO - Saved best model to ./ckpt_0916_abl_offset_grid/Beauty_quantized_src2_max2_seed1.pth
2026-09-16 06:37:34,768 - INFO - Epoch 10/120, Train Loss: 2.6616, Valid Loss: 2.9294
2026-09-16 06:37:34,813 - INFO - Saved best model to ./ckpt_0916_abl_offset_grid/Beauty_quantized_src2_max2_seed1.pth
2026-09-16 06:37:38,442 - INFO - Epoch 11/120, Train Loss: 2.6361, Valid Loss: 2.9041
2026-09-16 06:37:38,482 - INFO - Saved best model to ./ckpt_0916_abl_offset_grid/Beauty_quantized_src2_max2_seed1.pth
2026-09-16 06:37:42,121 - INFO - Epoch 12/120, Train Loss: 2.6125, Valid Loss: 2.8840
2026-09-16 06:37:42,169 - INFO - Saved best model to ./ckpt_0916_abl_offset_grid/Beauty_quantized_src2_max2_seed1.pth
2026-09-16 06:37:45,774 - INFO - Epoch 13/120, Train Loss: 2.5917, Valid Loss: 2.8651
2026-09-16 06:37:45,818 - INFO - Saved best model to ./ckpt_0916_abl_offset_grid/Beauty_quantized_src2_max2_seed1.pth
2026-09-16 06:37:49,560 - INFO - Epoch 14/120, Train Loss: 2.5719, Valid Loss: 2.8452
2026-09-16 06:37:49,603 - INFO - Saved best model to ./ckpt_0916_abl_offset_grid/Beauty_quantized_src2_max2_seed1.pth
2026-09-16 06:37:53,199 - INFO - Epoch 15/120, Train Loss: 2.5546, Valid Loss: 2.8278
2026-09-16 06:37:53,241 - INFO - Saved best model to ./ckpt_0916_abl_offset_grid/Beauty_quantized_src2_max2_seed1.pth
2026-09-16 06:37:56,864 - INFO - Epoch 16/120, Train Loss: 2.5388, Valid Loss: 2.8115
2026-09-16 06:37:56,906 - INFO - Saved best model to ./ckpt_0916_abl_offset_grid/Beauty_quantized_src2_max2_seed1.pth
2026-09-16 06:38:00,570 - INFO - Epoch 17/120, Train Loss: 2.5234, Valid Loss: 2.7976
2026-09-16 06:38:00,611 - INFO - Saved best model to ./ckpt_0916_abl_offset_grid/Beauty_quantized_src2_max2_seed1.pth
2026-09-16 06:38:04,348 - INFO - Epoch 18/120, Train Loss: 2.5079, Valid Loss: 2.7838
2026-09-16 06:38:04,388 - INFO - Saved best model to ./ckpt_0916_abl_offset_grid/Beauty_quantized_src2_max2_seed1.pth
2026-09-16 06:38:07,999 - INFO - Epoch 19/120, Train Loss: 2.4949, Valid Loss: 2.7707
2026-09-16 06:38:08,039 - INFO - Saved best model to ./ckpt_0916_abl_offset_grid/Beauty_quantized_src2_max2_seed1.pth
2026-09-16 06:38:11,674 - INFO - Epoch 20/120, Train Loss: 2.4820, Valid Loss: 2.7561
2026-09-16 06:38:11,714 - INFO - Saved best model to ./ckpt_0916_abl_offset_grid/Beauty_quantized_src2_max2_seed1.pth
2026-09-16 06:38:15,317 - INFO - Epoch 21/120, Train Loss: 2.4703, Valid Loss: 2.7419
2026-09-16 06:38:15,359 - INFO - Saved best model to ./ckpt_0916_abl_offset_grid/Beauty_quantized_src2_max2_seed1.pth
2026-09-16 06:38:19,099 - INFO - Epoch 22/120, Train Loss: 2.4579, Valid Loss: 2.7312
2026-09-16 06:38:19,137 - INFO - Saved best model to ./ckpt_0916_abl_offset_grid/Beauty_quantized_src2_max2_seed1.pth
2026-09-16 06:38:22,798 - INFO - Epoch 23/120, Train Loss: 2.4472, Valid Loss: 2.7201
2026-09-16 06:38:22,838 - INFO - Saved best model to ./ckpt_0916_abl_offset_grid/Beauty_quantized_src2_max2_seed1.pth
2026-09-16 06:38:26,487 - INFO - Epoch 24/120, Train Loss: 2.4359, Valid Loss: 2.7092
2026-09-16 06:38:26,526 - INFO - Saved best model to ./ckpt_0916_abl_offset_grid/Beauty_quantized_src2_max2_seed1.pth
2026-09-16 06:38:30,144 - INFO - Epoch 25/120, Train Loss: 2.4256, Valid Loss: 2.6972
2026-09-16 06:38:30,184 - INFO - Saved best model to ./ckpt_0916_abl_offset_grid/Beauty_quantized_src2_max2_seed1.pth
2026-09-16 06:38:33,883 - INFO - Epoch 26/120, Train Loss: 2.4163, Valid Loss: 2.6871
2026-09-16 06:38:33,922 - INFO - Saved best model to ./ckpt_0916_abl_offset_grid/Beauty_quantized_src2_max2_seed1.pth
2026-09-16 06:38:37,521 - INFO - Epoch 27/120, Train Loss: 2.4072, Valid Loss: 2.6775
2026-09-16 06:38:37,561 - INFO - Saved best model to ./ckpt_0916_abl_offset_grid/Beauty_quantized_src2_max2_seed1.pth
2026-09-16 06:38:41,186 - INFO - Epoch 28/120, Train Loss: 2.3974, Valid Loss: 2.6699
2026-09-16 06:38:41,226 - INFO - Saved best model to ./ckpt_0916_abl_offset_grid/Beauty_quantized_src2_max2_seed1.pth
2026-09-16 06:38:44,798 - INFO - Epoch 29/120, Train Loss: 2.3897, Valid Loss: 2.6587
2026-09-16 06:38:44,836 - INFO - Saved best model to ./ckpt_0916_abl_offset_grid/Beauty_quantized_src2_max2_seed1.pth
2026-09-16 06:38:48,610 - INFO - Epoch 30/120, Train Loss: 2.3812, Valid Loss: 2.6511
2026-09-16 06:38:48,649 - INFO - Saved best model to ./ckpt_0916_abl_offset_grid/Beauty_quantized_src2_max2_seed1.pth
2026-09-16 06:38:52,267 - INFO - Epoch 31/120, Train Loss: 2.3730, Valid Loss: 2.6425
2026-09-16 06:38:52,306 - INFO - Saved best model to ./ckpt_0916_abl_offset_grid/Beauty_quantized_src2_max2_seed1.pth
2026-09-16 06:38:55,916 - INFO - Epoch 32/120, Train Loss: 2.3654, Valid Loss: 2.6328
2026-09-16 06:38:55,956 - INFO - Saved best model to ./ckpt_0916_abl_offset_grid/Beauty_quantized_src2_max2_seed1.pth
2026-09-16 06:38:59,563 - INFO - Epoch 33/120, Train Loss: 2.3570, Valid Loss: 2.6243
2026-09-16 06:38:59,603 - INFO - Saved best model to ./ckpt_0916_abl_offset_grid/Beauty_quantized_src2_max2_seed1.pth
2026-09-16 06:39:03,351 - INFO - Epoch 34/120, Train Loss: 2.3520, Valid Loss: 2.6162
2026-09-16 06:39:03,391 - INFO - Saved best model to ./ckpt_0916_abl_offset_grid/Beauty_quantized_src2_max2_seed1.pth
2026-09-16 06:39:07,031 - INFO - Epoch 35/120, Train Loss: 2.3436, Valid Loss: 2.6105
2026-09-16 06:39:07,071 - INFO - Saved best model to ./ckpt_0916_abl_offset_grid/Beauty_quantized_src2_max2_seed1.pth
2026-09-16 06:39:10,658 - INFO - Epoch 36/120, Train Loss: 2.3370, Valid Loss: 2.6036
2026-09-16 06:39:10,697 - INFO - Saved best model to ./ckpt_0916_abl_offset_grid/Beauty_quantized_src2_max2_seed1.pth
2026-09-16 06:39:14,314 - INFO - Epoch 37/120, Train Loss: 2.3308, Valid Loss: 2.5977
2026-09-16 06:39:14,353 - INFO - Saved best model to ./ckpt_0916_abl_offset_grid/Beauty_quantized_src2_max2_seed1.pth
2026-09-16 06:39:18,113 - INFO - Epoch 38/120, Train Loss: 2.3246, Valid Loss: 2.5878
2026-09-16 06:39:18,151 - INFO - Saved best model to ./ckpt_0916_abl_offset_grid/Beauty_quantized_src2_max2_seed1.pth
2026-09-16 06:39:21,775 - INFO - Epoch 39/120, Train Loss: 2.3183, Valid Loss: 2.5824
2026-09-16 06:39:21,814 - INFO - Saved best model to ./ckpt_0916_abl_offset_grid/Beauty_quantized_src2_max2_seed1.pth
2026-09-16 06:39:25,436 - INFO - Epoch 40/120, Train Loss: 2.3131, Valid Loss: 2.5779
2026-09-16 06:39:25,474 - INFO - Saved best model to ./ckpt_0916_abl_offset_grid/Beauty_quantized_src2_max2_seed1.pth
2026-09-16 06:39:29,104 - INFO - Epoch 41/120, Train Loss: 2.3074, Valid Loss: 2.5699
2026-09-16 06:39:29,143 - INFO - Saved best model to ./ckpt_0916_abl_offset_grid/Beauty_quantized_src2_max2_seed1.pth
2026-09-16 06:39:32,910 - INFO - Epoch 42/120, Train Loss: 2.3026, Valid Loss: 2.5654
2026-09-16 06:39:32,951 - INFO - Saved best model to ./ckpt_0916_abl_offset_grid/Beauty_quantized_src2_max2_seed1.pth
2026-09-16 06:39:36,585 - INFO - Epoch 43/120, Train Loss: 2.2971, Valid Loss: 2.5584
2026-09-16 06:39:36,624 - INFO - Saved best model to ./ckpt_0916_abl_offset_grid/Beauty_quantized_src2_max2_seed1.pth
2026-09-16 06:39:40,241 - INFO - Epoch 44/120, Train Loss: 2.2923, Valid Loss: 2.5539
2026-09-16 06:39:40,280 - INFO - Saved best model to ./ckpt_0916_abl_offset_grid/Beauty_quantized_src2_max2_seed1.pth
2026-09-16 06:39:43,926 - INFO - Epoch 45/120, Train Loss: 2.2868, Valid Loss: 2.5474
2026-09-16 06:39:43,964 - INFO - Saved best model to ./ckpt_0916_abl_offset_grid/Beauty_quantized_src2_max2_seed1.pth
2026-09-16 06:39:47,702 - INFO - Epoch 46/120, Train Loss: 2.2826, Valid Loss: 2.5436
2026-09-16 06:39:47,738 - INFO - Saved best model to ./ckpt_0916_abl_offset_grid/Beauty_quantized_src2_max2_seed1.pth
2026-09-16 06:39:51,358 - INFO - Epoch 47/120, Train Loss: 2.2782, Valid Loss: 2.5384
2026-09-16 06:39:51,396 - INFO - Saved best model to ./ckpt_0916_abl_offset_grid/Beauty_quantized_src2_max2_seed1.pth
2026-09-16 06:39:55,005 - INFO - Epoch 48/120, Train Loss: 2.2735, Valid Loss: 2.5325
2026-09-16 06:39:55,042 - INFO - Saved best model to ./ckpt_0916_abl_offset_grid/Beauty_quantized_src2_max2_seed1.pth
2026-09-16 06:39:58,672 - INFO - Epoch 49/120, Train Loss: 2.2696, Valid Loss: 2.5284
2026-09-16 06:39:58,713 - INFO - Saved best model to ./ckpt_0916_abl_offset_grid/Beauty_quantized_src2_max2_seed1.pth
2026-09-16 06:40:02,472 - INFO - Epoch 50/120, Train Loss: 2.2648, Valid Loss: 2.5236
2026-09-16 06:40:02,512 - INFO - Saved best model to ./ckpt_0916_abl_offset_grid/Beauty_quantized_src2_max2_seed1.pth
2026-09-16 06:40:06,155 - INFO - Epoch 51/120, Train Loss: 2.2609, Valid Loss: 2.5194
2026-09-16 06:40:06,194 - INFO - Saved best model to ./ckpt_0916_abl_offset_grid/Beauty_quantized_src2_max2_seed1.pth
2026-09-16 06:40:09,807 - INFO - Epoch 52/120, Train Loss: 2.2574, Valid Loss: 2.5163
2026-09-16 06:40:09,850 - INFO - Saved best model to ./ckpt_0916_abl_offset_grid/Beauty_quantized_src2_max2_seed1.pth
2026-09-16 06:40:13,434 - INFO - Epoch 53/120, Train Loss: 2.2532, Valid Loss: 2.5104
2026-09-16 06:40:13,479 - INFO - Saved best model to ./ckpt_0916_abl_offset_grid/Beauty_quantized_src2_max2_seed1.pth
2026-09-16 06:40:17,178 - INFO - Epoch 54/120, Train Loss: 2.2491, Valid Loss: 2.5076
2026-09-16 06:40:17,222 - INFO - Saved best model to ./ckpt_0916_abl_offset_grid/Beauty_quantized_src2_max2_seed1.pth
2026-09-16 06:40:20,840 - INFO - Epoch 55/120, Train Loss: 2.2465, Valid Loss: 2.5026
2026-09-16 06:40:20,884 - INFO - Saved best model to ./ckpt_0916_abl_offset_grid/Beauty_quantized_src2_max2_seed1.pth
2026-09-16 06:40:24,479 - INFO - Epoch 56/120, Train Loss: 2.2418, Valid Loss: 2.4983
2026-09-16 06:40:24,522 - INFO - Saved best model to ./ckpt_0916_abl_offset_grid/Beauty_quantized_src2_max2_seed1.pth
2026-09-16 06:40:28,130 - INFO - Epoch 57/120, Train Loss: 2.2382, Valid Loss: 2.4953
2026-09-16 06:40:28,172 - INFO - Saved best model to ./ckpt_0916_abl_offset_grid/Beauty_quantized_src2_max2_seed1.pth
2026-09-16 06:40:31,883 - INFO - Epoch 58/120, Train Loss: 2.2356, Valid Loss: 2.4914
2026-09-16 06:40:31,926 - INFO - Saved best model to ./ckpt_0916_abl_offset_grid/Beauty_quantized_src2_max2_seed1.pth
2026-09-16 06:40:35,549 - INFO - Epoch 59/120, Train Loss: 2.2333, Valid Loss: 2.4893
2026-09-16 06:40:35,595 - INFO - Saved best model to ./ckpt_0916_abl_offset_grid/Beauty_quantized_src2_max2_seed1.pth
2026-09-16 06:40:39,224 - INFO - Epoch 60/120, Train Loss: 2.2298, Valid Loss: 2.4841
2026-09-16 06:40:39,267 - INFO - Saved best model to ./ckpt_0916_abl_offset_grid/Beauty_quantized_src2_max2_seed1.pth
2026-09-16 06:40:42,906 - INFO - Epoch 61/120, Train Loss: 2.2272, Valid Loss: 2.4796
2026-09-16 06:40:42,951 - INFO - Saved best model to ./ckpt_0916_abl_offset_grid/Beauty_quantized_src2_max2_seed1.pth
2026-09-16 06:40:46,707 - INFO - Epoch 62/120, Train Loss: 2.2244, Valid Loss: 2.4776
2026-09-16 06:40:46,750 - INFO - Saved best model to ./ckpt_0916_abl_offset_grid/Beauty_quantized_src2_max2_seed1.pth
2026-09-16 06:40:50,390 - INFO - Epoch 63/120, Train Loss: 2.2210, Valid Loss: 2.4755
2026-09-16 06:40:50,432 - INFO - Saved best model to ./ckpt_0916_abl_offset_grid/Beauty_quantized_src2_max2_seed1.pth
2026-09-16 06:40:54,058 - INFO - Epoch 64/120, Train Loss: 2.2174, Valid Loss: 2.4714
2026-09-16 06:40:54,098 - INFO - Saved best model to ./ckpt_0916_abl_offset_grid/Beauty_quantized_src2_max2_seed1.pth
2026-09-16 06:40:57,722 - INFO - Epoch 65/120, Train Loss: 2.2149, Valid Loss: 2.4682
2026-09-16 06:40:57,766 - INFO - Saved best model to ./ckpt_0916_abl_offset_grid/Beauty_quantized_src2_max2_seed1.pth
2026-09-16 06:41:01,544 - INFO - Epoch 66/120, Train Loss: 2.2122, Valid Loss: 2.4648
2026-09-16 06:41:01,584 - INFO - Saved best model to ./ckpt_0916_abl_offset_grid/Beauty_quantized_src2_max2_seed1.pth
2026-09-16 06:41:05,222 - INFO - Epoch 67/120, Train Loss: 2.2112, Valid Loss: 2.4614
2026-09-16 06:41:05,266 - INFO - Saved best model to ./ckpt_0916_abl_offset_grid/Beauty_quantized_src2_max2_seed1.pth
2026-09-16 06:41:08,883 - INFO - Epoch 68/120, Train Loss: 2.2071, Valid Loss: 2.4605
2026-09-16 06:41:08,927 - INFO - Saved best model to ./ckpt_0916_abl_offset_grid/Beauty_quantized_src2_max2_seed1.pth
2026-09-16 06:41:12,572 - INFO - Epoch 69/120, Train Loss: 2.2044, Valid Loss: 2.4560
2026-09-16 06:41:12,615 - INFO - Saved best model to ./ckpt_0916_abl_offset_grid/Beauty_quantized_src2_max2_seed1.pth
2026-09-16 06:41:16,332 - INFO - Epoch 70/120, Train Loss: 2.2021, Valid Loss: 2.4535
2026-09-16 06:41:16,373 - INFO - Saved best model to ./ckpt_0916_abl_offset_grid/Beauty_quantized_src2_max2_seed1.pth
2026-09-16 06:41:19,982 - INFO - Epoch 71/120, Train Loss: 2.1992, Valid Loss: 2.4514
2026-09-16 06:41:20,023 - INFO - Saved best model to ./ckpt_0916_abl_offset_grid/Beauty_quantized_src2_max2_seed1.pth
2026-09-16 06:41:23,651 - INFO - Epoch 72/120, Train Loss: 2.1974, Valid Loss: 2.4482
2026-09-16 06:41:23,693 - INFO - Saved best model to ./ckpt_0916_abl_offset_grid/Beauty_quantized_src2_max2_seed1.pth
2026-09-16 06:41:27,314 - INFO - Epoch 73/120, Train Loss: 2.1961, Valid Loss: 2.4474
2026-09-16 06:41:27,354 - INFO - Saved best model to ./ckpt_0916_abl_offset_grid/Beauty_quantized_src2_max2_seed1.pth
2026-09-16 06:41:30,979 - INFO - Epoch 74/120, Train Loss: 2.1931, Valid Loss: 2.4441
2026-09-16 06:41:31,019 - INFO - Saved best model to ./ckpt_0916_abl_offset_grid/Beauty_quantized_src2_max2_seed1.pth
2026-09-16 06:41:34,838 - INFO - Epoch 75/120, Train Loss: 2.1905, Valid Loss: 2.4419
2026-09-16 06:41:34,879 - INFO - Saved best model to ./ckpt_0916_abl_offset_grid/Beauty_quantized_src2_max2_seed1.pth
2026-09-16 06:41:38,553 - INFO - Epoch 76/120, Train Loss: 2.1888, Valid Loss: 2.4393
2026-09-16 06:41:38,595 - INFO - Saved best model to ./ckpt_0916_abl_offset_grid/Beauty_quantized_src2_max2_seed1.pth
2026-09-16 06:41:42,251 - INFO - Epoch 77/120, Train Loss: 2.1876, Valid Loss: 2.4366
2026-09-16 06:41:42,292 - INFO - Saved best model to ./ckpt_0916_abl_offset_grid/Beauty_quantized_src2_max2_seed1.pth
2026-09-16 06:41:45,942 - INFO - Epoch 78/120, Train Loss: 2.1849, Valid Loss: 2.4356
2026-09-16 06:41:45,984 - INFO - Saved best model to ./ckpt_0916_abl_offset_grid/Beauty_quantized_src2_max2_seed1.pth
2026-09-16 06:41:49,762 - INFO - Epoch 79/120, Train Loss: 2.1820, Valid Loss: 2.4327
2026-09-16 06:41:49,804 - INFO - Saved best model to ./ckpt_0916_abl_offset_grid/Beauty_quantized_src2_max2_seed1.pth
2026-09-16 06:41:53,447 - INFO - Epoch 80/120, Train Loss: 2.1806, Valid Loss: 2.4326
2026-09-16 06:41:53,491 - INFO - Saved best model to ./ckpt_0916_abl_offset_grid/Beauty_quantized_src2_max2_seed1.pth
2026-09-16 06:41:57,102 - INFO - Epoch 81/120, Train Loss: 2.1781, Valid Loss: 2.4305
2026-09-16 06:41:57,143 - INFO - Saved best model to ./ckpt_0916_abl_offset_grid/Beauty_quantized_src2_max2_seed1.pth
2026-09-16 06:42:00,764 - INFO - Epoch 82/120, Train Loss: 2.1769, Valid Loss: 2.4264
2026-09-16 06:42:00,805 - INFO - Saved best model to ./ckpt_0916_abl_offset_grid/Beauty_quantized_src2_max2_seed1.pth
2026-09-16 06:42:04,562 - INFO - Epoch 83/120, Train Loss: 2.1738, Valid Loss: 2.4255
2026-09-16 06:42:04,602 - INFO - Saved best model to ./ckpt_0916_abl_offset_grid/Beauty_quantized_src2_max2_seed1.pth
2026-09-16 06:42:08,238 - INFO - Epoch 84/120, Train Loss: 2.1726, Valid Loss: 2.4226
2026-09-16 06:42:08,278 - INFO - Saved best model to ./ckpt_0916_abl_offset_grid/Beauty_quantized_src2_max2_seed1.pth
2026-09-16 06:42:11,899 - INFO - Epoch 85/120, Train Loss: 2.1714, Valid Loss: 2.4223
2026-09-16 06:42:11,937 - INFO - Saved best model to ./ckpt_0916_abl_offset_grid/Beauty_quantized_src2_max2_seed1.pth
2026-09-16 06:42:15,572 - INFO - Epoch 86/120, Train Loss: 2.1698, Valid Loss: 2.4197
2026-09-16 06:42:15,613 - INFO - Saved best model to ./ckpt_0916_abl_offset_grid/Beauty_quantized_src2_max2_seed1.pth
2026-09-16 06:42:19,411 - INFO - Epoch 87/120, Train Loss: 2.1677, Valid Loss: 2.4181
2026-09-16 06:42:19,450 - INFO - Saved best model to ./ckpt_0916_abl_offset_grid/Beauty_quantized_src2_max2_seed1.pth
2026-09-16 06:42:23,030 - INFO - Epoch 88/120, Train Loss: 2.1665, Valid Loss: 2.4153
2026-09-16 06:42:23,069 - INFO - Saved best model to ./ckpt_0916_abl_offset_grid/Beauty_quantized_src2_max2_seed1.pth
2026-09-16 06:42:26,736 - INFO - Epoch 89/120, Train Loss: 2.1633, Valid Loss: 2.4143
2026-09-16 06:42:26,778 - INFO - Saved best model to ./ckpt_0916_abl_offset_grid/Beauty_quantized_src2_max2_seed1.pth
2026-09-16 06:42:30,455 - INFO - Epoch 90/120, Train Loss: 2.1618, Valid Loss: 2.4120
2026-09-16 06:42:30,493 - INFO - Saved best model to ./ckpt_0916_abl_offset_grid/Beauty_quantized_src2_max2_seed1.pth
2026-09-16 06:42:34,318 - INFO - Epoch 91/120, Train Loss: 2.1605, Valid Loss: 2.4122
2026-09-16 06:42:37,944 - INFO - Epoch 92/120, Train Loss: 2.1600, Valid Loss: 2.4095
2026-09-16 06:42:37,982 - INFO - Saved best model to ./ckpt_0916_abl_offset_grid/Beauty_quantized_src2_max2_seed1.pth
2026-09-16 06:42:41,568 - INFO - Epoch 93/120, Train Loss: 2.1574, Valid Loss: 2.4074
2026-09-16 06:42:41,607 - INFO - Saved best model to ./ckpt_0916_abl_offset_grid/Beauty_quantized_src2_max2_seed1.pth
2026-09-16 06:42:45,189 - INFO - Epoch 94/120, Train Loss: 2.1563, Valid Loss: 2.4069
2026-09-16 06:42:45,227 - INFO - Saved best model to ./ckpt_0916_abl_offset_grid/Beauty_quantized_src2_max2_seed1.pth
2026-09-16 06:42:49,016 - INFO - Epoch 95/120, Train Loss: 2.1539, Valid Loss: 2.4057
2026-09-16 06:42:49,055 - INFO - Saved best model to ./ckpt_0916_abl_offset_grid/Beauty_quantized_src2_max2_seed1.pth
2026-09-16 06:42:52,689 - INFO - Epoch 96/120, Train Loss: 2.1541, Valid Loss: 2.4044
2026-09-16 06:42:52,727 - INFO - Saved best model to ./ckpt_0916_abl_offset_grid/Beauty_quantized_src2_max2_seed1.pth
2026-09-16 06:42:56,334 - INFO - Epoch 97/120, Train Loss: 2.1511, Valid Loss: 2.4031
2026-09-16 06:42:56,373 - INFO - Saved best model to ./ckpt_0916_abl_offset_grid/Beauty_quantized_src2_max2_seed1.pth
2026-09-16 06:42:59,991 - INFO - Epoch 98/120, Train Loss: 2.1504, Valid Loss: 2.4005
2026-09-16 06:43:00,036 - INFO - Saved best model to ./ckpt_0916_abl_offset_grid/Beauty_quantized_src2_max2_seed1.pth
2026-09-16 06:43:03,823 - INFO - Epoch 99/120, Train Loss: 2.1482, Valid Loss: 2.4000
2026-09-16 06:43:03,867 - INFO - Saved best model to ./ckpt_0916_abl_offset_grid/Beauty_quantized_src2_max2_seed1.pth
2026-09-16 06:43:07,488 - INFO - Epoch 100/120, Train Loss: 2.1464, Valid Loss: 2.3977
2026-09-16 06:43:07,534 - INFO - Saved best model to ./ckpt_0916_abl_offset_grid/Beauty_quantized_src2_max2_seed1.pth
2026-09-16 06:43:11,156 - INFO - Epoch 101/120, Train Loss: 2.1445, Valid Loss: 2.3968
2026-09-16 06:43:11,203 - INFO - Saved best model to ./ckpt_0916_abl_offset_grid/Beauty_quantized_src2_max2_seed1.pth
2026-09-16 06:43:14,778 - INFO - Epoch 102/120, Train Loss: 2.1442, Valid Loss: 2.3948
2026-09-16 06:43:14,825 - INFO - Saved best model to ./ckpt_0916_abl_offset_grid/Beauty_quantized_src2_max2_seed1.pth
2026-09-16 06:43:18,600 - INFO - Epoch 103/120, Train Loss: 2.1422, Valid Loss: 2.3944
2026-09-16 06:43:18,644 - INFO - Saved best model to ./ckpt_0916_abl_offset_grid/Beauty_quantized_src2_max2_seed1.pth
2026-09-16 06:43:22,276 - INFO - Epoch 104/120, Train Loss: 2.1417, Valid Loss: 2.3931
2026-09-16 06:43:22,318 - INFO - Saved best model to ./ckpt_0916_abl_offset_grid/Beauty_quantized_src2_max2_seed1.pth
2026-09-16 06:43:25,903 - INFO - Epoch 105/120, Train Loss: 2.1401, Valid Loss: 2.3926
2026-09-16 06:43:25,949 - INFO - Saved best model to ./ckpt_0916_abl_offset_grid/Beauty_quantized_src2_max2_seed1.pth
2026-09-16 06:43:29,562 - INFO - Epoch 106/120, Train Loss: 2.1388, Valid Loss: 2.3915
2026-09-16 06:43:29,606 - INFO - Saved best model to ./ckpt_0916_abl_offset_grid/Beauty_quantized_src2_max2_seed1.pth
2026-09-16 06:43:33,380 - INFO - Epoch 107/120, Train Loss: 2.1377, Valid Loss: 2.3899
2026-09-16 06:43:33,424 - INFO - Saved best model to ./ckpt_0916_abl_offset_grid/Beauty_quantized_src2_max2_seed1.pth
2026-09-16 06:43:37,053 - INFO - Epoch 108/120, Train Loss: 2.1354, Valid Loss: 2.3886
2026-09-16 06:43:37,096 - INFO - Saved best model to ./ckpt_0916_abl_offset_grid/Beauty_quantized_src2_max2_seed1.pth
2026-09-16 06:43:40,718 - INFO - Epoch 109/120, Train Loss: 2.1344, Valid Loss: 2.3867
2026-09-16 06:43:40,760 - INFO - Saved best model to ./ckpt_0916_abl_offset_grid/Beauty_quantized_src2_max2_seed1.pth
2026-09-16 06:43:44,393 - INFO - Epoch 110/120, Train Loss: 2.1330, Valid Loss: 2.3864
2026-09-16 06:43:44,434 - INFO - Saved best model to ./ckpt_0916_abl_offset_grid/Beauty_quantized_src2_max2_seed1.pth
2026-09-16 06:43:48,152 - INFO - Epoch 111/120, Train Loss: 2.1313, Valid Loss: 2.3851
2026-09-16 06:43:48,195 - INFO - Saved best model to ./ckpt_0916_abl_offset_grid/Beauty_quantized_src2_max2_seed1.pth
2026-09-16 06:43:51,807 - INFO - Epoch 112/120, Train Loss: 2.1303, Valid Loss: 2.3837
2026-09-16 06:43:51,852 - INFO - Saved best model to ./ckpt_0916_abl_offset_grid/Beauty_quantized_src2_max2_seed1.pth
2026-09-16 06:43:55,458 - INFO - Epoch 113/120, Train Loss: 2.1292, Valid Loss: 2.3826
2026-09-16 06:43:55,499 - INFO - Saved best model to ./ckpt_0916_abl_offset_grid/Beauty_quantized_src2_max2_seed1.pth
2026-09-16 06:43:59,119 - INFO - Epoch 114/120, Train Loss: 2.1283, Valid Loss: 2.3828
2026-09-16 06:44:02,863 - INFO - Epoch 115/120, Train Loss: 2.1272, Valid Loss: 2.3816
2026-09-16 06:44:02,906 - INFO - Saved best model to ./ckpt_0916_abl_offset_grid/Beauty_quantized_src2_max2_seed1.pth
2026-09-16 06:44:06,482 - INFO - Epoch 116/120, Train Loss: 2.1246, Valid Loss: 2.3819
2026-09-16 06:44:10,054 - INFO - Epoch 117/120, Train Loss: 2.1247, Valid Loss: 2.3786
2026-09-16 06:44:10,095 - INFO - Saved best model to ./ckpt_0916_abl_offset_grid/Beauty_quantized_src2_max2_seed1.pth
2026-09-16 06:44:13,720 - INFO - Epoch 118/120, Train Loss: 2.1232, Valid Loss: 2.3789
2026-09-16 06:44:17,462 - INFO - Epoch 119/120, Train Loss: 2.1218, Valid Loss: 2.3795
2026-09-16 06:44:21,083 - INFO - Epoch 120/120, Train Loss: 2.1207, Valid Loss: 2.3791
2026-09-16 07:32:54,239 - INFO - Final Test CE Loss: 2.4561, Recalls: {'Recall@5': 0.015023062894628807, 'Recall@10': 0.02578768887641755, 'Recall@20': 0.03982053104449402}, NDCGs: {'NDCG@5': 0.009155836052906869, 'NDCG@10': 0.012597868203143165, 'NDCG@20': 0.01613711786657487}, SID_HR: {'SID1_HR@5': 0.20985556499575192, 'SID2_HR@5': 0.05115592720118052, 'SID3_HR@5': 0.04771273979340875, 'SID4_HR@5': 0.9944998434914815, 'SID1_CondHR@5': 0.20985556499575192, 'SID2_CondHR@5': 0.14340507138291073, 'SID3_CondHR@5': 0.4962852897473997, 'SID4_CondHR@5': 0.9970059880239521, 'SID1_HR@10': 0.27205652193355095, 'SID2_HR@10': 0.0848276170460135, 'SID3_HR@10': 0.08411214953271028, 'SID4_HR@10': 0.9944998434914815, 'SID1_CondHR@10': 0.27205652193355095, 'SID2_CondHR@10': 0.17324128862590402, 'SID3_CondHR@10': 0.5332068311195446, 'SID4_CondHR@10': 0.998220640569395}
